[klif.kwst.net/site/index.html]
[backblue.gif]
[fade.gif]
[index.html]
[klif.kwst.net/site/css/idangerous.swiper.css]
[klif.kwst.net/site/css/font-awesome.min.css]
[klif.kwst.net/site/css/style.css]
[klif.kwst.net/site/img/favicon.ico]
[klif.kwst.net/site/img/bg.jpg]
[klif.kwst.net/site/img/logo.png]
[klif.kwst.net/site/index.html]
[klif.kwst.net/site/js/init.js]
[klif.kwst.net/site/css/reset.css]
[klif.kwst.net/site/css/idangerous.swiper.css]
[klif.kwst.net/site/js/plugins.js]
[klif.kwst.net/site/fonts/fontawesome-webfontba72.eot]
[klif.kwst.net/site/fonts/fontawesome-webfontd41d.eot]
[klif.kwst.net/site/js/jquery.min.js]
[klif.kwst.net/site/fonts/fontawesome-webfontba72.woff]
[klif.kwst.net/site/fonts/fontawesome-webfontba72.ttf]
[klif.kwst.net/site/css/font-awesome.min.css]
[klif.kwst.net/site/fonts/fontawesome-webfontba72.svg]
[klif.kwst.net/site/img/overlays/01.png]
[klif.kwst.net/site/img/overlays/01@2x.png]
[klif.kwst.net/site/css/style.css]
[klif.kwst.net/site/fonts/fontawesome-webfontba72.svg]
